libbpf: prog 'enforce_allowed_write_dirs': BPF program load failed: Permission denied
libbpf: prog 'enforce_allowed_write_dirs': -- BEGIN PROG LOAD LOG --
0: R1=ctx() R10=fp0
; int BPF_PROG(enforce_allowed_write_dirs, struct file *file)
0: (b7) r7 = 0                        ; R7_w=0
; int BPF_PROG(enforce_allowed_write_dirs, struct file *file)
1: (79) r9 = *(u64 *)(r1 +0)
func 'bpf_lsm_file_open' arg0 has btf_id 602 type STRUCT 'file'
2: R1=ctx() R9_w=trusted_ptr_file()
; if (!file) {
2: (15) if r9 == 0x0 goto pc+122      ; R9_w=trusted_ptr_file()
; __u64 pid_tgid = bpf_get_current_pid_tgid();
3: (85) call bpf_get_current_pid_tgid#14      ; R0_w=scalar()
4: (bf) r6 = r0                       ; R0_w=scalar(id=1) R6_w=scalar(id=1)
; struct task_struct *task = (struct task_struct *)bpf_get_current_task();
5: (85) call bpf_get_current_task#35          ; R0_w=scalar()
; if (!task) {
6: (15) if r0 == 0x0 goto pc+118      ; R0_w=scalar(umin=1)
7: (77) r6 >>= 32                     ; R6_w=scalar(smin=0,smax=umax=0xffffffff,var_off=(0x0; 0xffffffff))
8: (b7) r1 = 2832                     ; R1_w=2832
9: (0f) r0 += r1                      ; R0_w=scalar() R1_w=2832
10: (bf) r1 = r10                     ; R1_w=fp0 R10=fp0
; 
11: (07) r1 += -16                    ; R1_w=fp-16
; __u64 start_time = BPF_CORE_READ(task, start_time);
12: (b7) r2 = 8                       ; R2_w=8
13: (bf) r3 = r0                      ; R0_w=scalar(id=2) R3_w=scalar(id=2)
14: (85) call bpf_probe_read_kernel#113       ; R0=scalar() fp-16=mmmmmmmm
; __u64 start_time = BPF_CORE_READ(task, start_time);
15: (79) r8 = *(u64 *)(r10 -16)       ; R8_w=scalar() R10=fp0 fp-16=mmmmmmmm
; struct proc_key pk = {
16: (63) *(u32 *)(r10 -16) = r6       ; R6=scalar(smin=0,smax=umax=0xffffffff,var_off=(0x0; 0xffffffff)) R10=fp0 fp-16=mmmmscalar(smin=0,smax=umax=0xffffffff,var_off=(0x0; 0xffffffff))
17: (7b) *(u64 *)(r10 -8) = r8        ; R8_w=scalar() R10=fp0 fp-8_w=mmmmmmmm
18: (bf) r2 = r10                     ; R2_w=fp0 R10=fp0
; 
19: (07) r2 += -16                    ; R2_w=fp-16
; __u32 *policy_ptr = bpf_map_lookup_elem(&proc_policy_map, &pk);
20: (18) r1 = 0xffff89d817711c00      ; R1_w=map_ptr(map=proc_policy_map,ks=16,vs=4)
22: (85) call bpf_map_lookup_elem#1   ; R0_w=map_value_or_null(id=3,map=proc_policy_map,ks=16,vs=4)
; if (!policy_ptr) {
23: (15) if r0 == 0x0 goto pc+101     ; R0_w=map_value(map=proc_policy_map,ks=16,vs=4)
24: (b7) r1 = 20                      ; R1_w=20
25: (bf) r3 = r9                      ; R3_w=trusted_ptr_file() R9=trusted_ptr_file()
26: (0f) r3 += r1                     ; R1_w=20 R3_w=trusted_ptr_file(off=20)
; unsigned int f_mode = 0;
27: (63) *(u32 *)(r10 -20) = r7       ; R7=0 R10=fp0 fp-24=0000????
28: (bf) r1 = r10                     ; R1_w=fp0 R10=fp0
; 
29: (07) r1 += -20                    ; R1_w=fp-20
; if (bpf_core_read(&f_mode, sizeof(f_mode), &file->f_mode) < 0) {
30: (b7) r2 = 4                       ; R2_w=4
31: (85) call bpf_probe_read_kernel#113       ; R0=scalar() fp-24=mmmm????
; if (bpf_core_read(&f_mode, sizeof(f_mode), &file->f_mode) < 0) {
32: (6d) if r7 s> r0 goto pc+92       ; R0=scalar(smin=0,umax=0x7fffffffffffffff,var_off=(0x0; 0x7fffffffffffffff)) R7=0
; if (!(f_mode & FMODE_WRITE)) {
33: (61) r1 = *(u32 *)(r10 -20)       ; R1_w=scalar(smin=0,smax=umax=0xffffffff,var_off=(0x0; 0xffffffff)) R10=fp0 fp-24=mmmm????
; if (!(f_mode & FMODE_WRITE)) {
34: (57) r1 &= 2                      ; R1_w=scalar(smin=smin32=0,smax=umax=smax32=umax32=2,var_off=(0x0; 0x2))
; if (!(f_mode & FMODE_WRITE)) {
35: (15) if r1 == 0x0 goto pc+89      ; R1_w=scalar(smin=umin=smin32=umin32=1,smax=umax=smax32=umax32=2,var_off=(0x0; 0x2))
36: (7b) *(u64 *)(r10 -88) = r8       ; R8=scalar() R10=fp0 fp-88_w=mmmmmmmm
37: (b7) r1 = 160                     ; R1_w=160
38: (0f) r9 += r1                     ; R1_w=160 R9_w=trusted_ptr_file(off=160)
39: (b7) r8 = 0                       ; R8_w=0
; struct dentry *dentry = NULL;
40: (7b) *(u64 *)(r10 -32) = r8       ; R8_w=0 R10=fp0 fp-32_w=0
41: (bf) r1 = r10                     ; R1_w=fp0 R10=fp0
; 
42: (07) r1 += -32                    ; R1_w=fp-32
; if (bpf_core_read(&dentry, sizeof(dentry), &file->f_path.dentry) < 0 || !dentry) {
43: (b7) r2 = 8                       ; R2_w=8
44: (bf) r3 = r9                      ; R3_w=trusted_ptr_file(off=160) R9_w=trusted_ptr_file(off=160)
45: (85) call bpf_probe_read_kernel#113       ; R0=scalar() fp-32=mmmmmmmm
46: (18) r7 = 0xfffffff3              ; R7_w=0xfffffff3
; if (bpf_core_read(&dentry, sizeof(dentry), &file->f_path.dentry) < 0 || !dentry) {
48: (6d) if r8 s> r0 goto pc+76       ; R0=scalar(smin=0,umax=0x7fffffffffffffff,var_off=(0x0; 0x7fffffffffffffff)) R8=0
49: (79) r8 = *(u64 *)(r10 -32)       ; R8_w=scalar() R10=fp0 fp-32=mmmmmmmm
50: (15) if r8 == 0x0 goto pc+74      ; R8_w=scalar(umin=1)
51: (b7) r9 = 12                      ; R9_w=12
52: (b7) r4 = 0                       ; R4_w=0
53: (05) goto pc+27
; bpf_printk("deny write-open: pid=%u start=%llu\n", tgid, start_time);
81: (bf) r3 = r8                      ; R3_w=scalar(id=4,umin=1) R8_w=scalar(id=4,umin=1)
82: (b7) r1 = 48                      ; R1_w=48
83: (0f) r3 += r1                     ; R1_w=48 R3_w=scalar()
; struct inode *inode = NULL;
84: (7b) *(u64 *)(r10 -40) = r4       ; R4_w=0 R10=fp0 fp-40_w=0
85: (bf) r1 = r10                     ; R1_w=fp0 R10=fp0
; 
86: (07) r1 += -40                    ; R1_w=fp-40
; if (bpf_core_read(&inode, sizeof(inode), &parent->d_inode) < 0 || !inode) {
87: (b7) r2 = 8                       ; R2_w=8
88: (85) call bpf_probe_read_kernel#113       ; R0=scalar() fp-40=mmmmmmmm
89: (b7) r1 = 0                       ; R1_w=0
; if (bpf_core_read(&inode, sizeof(inode), &parent->d_inode) < 0 || !inode) {
90: (6d) if r1 s> r0 goto pc+2        ; R0=scalar(smin=0,umax=0x7fffffffffffffff,var_off=(0x0; 0x7fffffffffffffff)) R1_w=0
91: (79) r3 = *(u64 *)(r10 -40)       ; R3_w=scalar() R10=fp0 fp-40=mmmmmmmm
92: (55) if r3 != 0x0 goto pc+1 94: R0=scalar(smin=0,umax=0x7fffffffffffffff,var_off=(0x0; 0x7fffffffffffffff)) R1_w=0 R3_w=scalar(umin=1) R6=scalar(smin=0,smax=umax=0xffffffff,var_off=(0x0; 0xffffffff)) R7=0xfffffff3 R8=scalar(id=4,umin=1) R9=12 R10=fp0 fp-8=mmmmmmmm fp-16=mmmmmmmm fp-24=mmmm???? fp-32=mmmmmmmm fp-40=mmmmmmmm fp-88=mmmmmmmm
; if (bpf_core_read(&inode, sizeof(inode), &parent->d_inode) < 0 || !inode) {
94: (b7) r2 = 80                      ; R2_w=80
95: (0f) r3 += r2                     ; R2_w=80 R3_w=scalar()
; __u64 ino = 0;
96: (7b) *(u64 *)(r10 -48) = r1       ; R1_w=0 R10=fp0 fp-48_w=0
; __u64 dev = 0;
97: (7b) *(u64 *)(r10 -56) = r1       ; R1_w=0 R10=fp0 fp-56_w=0
98: (bf) r1 = r10                     ; R1_w=fp0 R10=fp0
; 
99: (07) r1 += -48                    ; R1_w=fp-48
; if (bpf_core_read(&ino, sizeof(ino), &inode->i_ino) < 0) {
100: (b7) r2 = 8                      ; R2_w=8
101: (85) call bpf_probe_read_kernel#113      ; R0=scalar() fp-48=mmmmmmmm
102: (b7) r1 = 0                      ; R1_w=0
; if (bpf_core_read(&ino, sizeof(ino), &inode->i_ino) < 0) {
103: (6d) if r1 s> r0 goto pc-30      ; R0=scalar(smin=0,umax=0x7fffffffffffffff,var_off=(0x0; 0x7fffffffffffffff)) R1_w=0
; if (bpf_core_read(&dev, sizeof(dev), &inode->i_sb->s_dev) < 0) {
104: (79) r1 = *(u64 *)(r10 -40)      ; R1_w=scalar() R10=fp0 fp-40=mmmmmmmm
105: (79) r3 = *(u64 *)(r1 +56)
R1 invalid mem access 'scalar'
processed 85 insns (limit 1000000) max_states_per_insn 0 total_states 6 peak_states 6 mark_read 4
-- END PROG LOAD LOG --
libbpf: prog 'enforce_allowed_write_dirs': failed to load: -13
libbpf: failed to load object 'filewrite_enforcer_bpf'
libbpf: failed to load BPF skeleton 'filewrite_enforcer_bpf': -13
ERROR: filewrite_enforcer_bpf__load() failed: -13
----- dmesg tail -----
[    9.988493] wlp0s20f3: RX AssocResp from 30:b6:2d:a7:34:e0 (capab=0x1411 status=0 aid=1)
[   10.001919] wlp0s20f3: associated
[   10.002059] wlp0s20f3: Limiting TX power to 30 (30 - 0) dBm as advertised by 30:b6:2d:a7:34:e0
[   10.883744] NFSD: Using nfsdcld client tracking operations.
[   10.883750] NFSD: no clients to reclaim, skipping NFSv4 grace period (net f0000000)
[   11.023350] audit: type=1400 audit(1762372256.000:180): apparmor="STATUS" operation="profile_load" profile="unconfined" name="docker-default" pid=1600 comm="apparmor_parser"
[   11.058341] evm: overlay not supported
[   11.111408] Initializing XFRM netlink socket
[   11.523293] bridge: filtering via arp/ip/ip6tables is no longer available by default. Update your scripts to load br_netfilter if you need this.
[   16.827777] Bluetooth: RFCOMM TTY layer initialized
[   16.827788] Bluetooth: RFCOMM socket layer initialized
[   16.827800] Bluetooth: RFCOMM ver 1.11
[   19.048990] rfkill: input handler disabled
[   19.148922] Lockdown: systemd-logind: hibernation is restricted; see man kernel_lockdown.7
[   25.770528] systemd-journald[336]: /var/log/journal/dff4e5de8e6c4401b845cd9a18f8a418/user-1000.journal: Journal file uses a different sequence number ID, rotating.
[   26.590737] rfkill: input handler enabled
[   27.823292] nouveau 0000:01:00.0: Enabling HDA controller
[   29.130041] Lockdown: systemd-logind: hibernation is restricted; see man kernel_lockdown.7
[   29.355152] rfkill: input handler disabled
[   34.238352] audit: type=1107 audit(1762372279.215:181): pid=878 uid=102 auid=4294967295 ses=4294967295 subj=? msg='apparmor="DENIED" operation="dbus_method_call"  bus="system" path="/org/freedesktop/PolicyKit1/Authority" interface="org.freedesktop.DBus.Properties" member="GetAll" mask="send" name=":1.15" pid=3426 label="snap.snap-store.ubuntu-software" peer_pid=888 peer_label="unconfined"
                exe="/usr/bin/dbus-daemon" sauid=102 hostname=? addr=? terminal=?'
[   34.238363] audit: type=1420 audit(1762372279.215:181): subj_apparmor=unconfined
[   34.238971] audit: type=1107 audit(1762372279.215:182): pid=878 uid=102 auid=4294967295 ses=4294967295 subj=? msg='apparmor="DENIED" operation="dbus_method_call"  bus="system" path="/org/freedesktop/PolicyKit1/Authority" interface="org.freedesktop.PolicyKit1.Authority" member="CheckAuthorization" mask="send" name=":1.15" pid=3426 label="snap.snap-store.ubuntu-software" peer_pid=888 peer_label="unconfined"
                exe="/usr/bin/dbus-daemon" sauid=102 hostname=? addr=? terminal=?'
[   34.238980] audit: type=1420 audit(1762372279.215:182): subj_apparmor=unconfined
[   34.246777] audit: type=1107 audit(1762372279.223:183): pid=878 uid=102 auid=4294967295 ses=4294967295 subj=? msg='apparmor="DENIED" operation="dbus_method_call"  bus="system" path="/org/freedesktop/PolicyKit1/Authority" interface="org.freedesktop.DBus.Properties" member="GetAll" mask="send" name=":1.15" pid=3426 label="snap.snap-store.ubuntu-software" peer_pid=888 peer_label="unconfined"
                exe="/usr/bin/dbus-daemon" sauid=102 hostname=? addr=? terminal=?'
[   34.246789] audit: type=1420 audit(1762372279.223:183): subj_apparmor=unconfined
[   34.247267] audit: type=1107 audit(1762372279.224:184): pid=878 uid=102 auid=4294967295 ses=4294967295 subj=? msg='apparmor="DENIED" operation="dbus_method_call"  bus="system" path="/org/freedesktop/PolicyKit1/Authority" interface="org.freedesktop.PolicyKit1.Authority" member="CheckAuthorization" mask="send" name=":1.15" pid=3426 label="snap.snap-store.ubuntu-software" peer_pid=888 peer_label="unconfined"
                exe="/usr/bin/dbus-daemon" sauid=102 hostname=? addr=? terminal=?'
[   34.247277] audit: type=1420 audit(1762372279.224:184): subj_apparmor=unconfined
[  233.881167] nouveau 0000:01:00.0: Enabling HDA controller
[  238.984201] audit: type=1400 audit(1762372483.815:185): apparmor="ALLOWED" operation="open" class="file" profile="libreoffice-soffice" name="/home/vignesh/.thunderbird/profiles.ini" pid=5123 comm="soffice.bin" requested_mask="r" denied_mask="r" fsuid=1000 ouid=1000
[  238.992869] audit: type=1400 audit(1762372483.823:186): apparmor="ALLOWED" operation="open" class="file" profile="libreoffice-soffice" name="/home/vignesh/.thunderbird/hgz7rnyw.default-release/cert9.db" pid=5123 comm="soffice.bin" requested_mask="wrc" denied_mask="wrc" fsuid=1000 ouid=1000
[  238.993436] audit: type=1400 audit(1762372483.824:187): apparmor="ALLOWED" operation="file_lock" class="file" profile="libreoffice-soffice" name="/home/vignesh/.thunderbird/hgz7rnyw.default-release/cert9.db" pid=5123 comm="soffice.bin" requested_mask="k" denied_mask="k" fsuid=1000 ouid=1000
[  238.995385] audit: type=1400 audit(1762372483.826:188): apparmor="ALLOWED" operation="open" class="file" profile="libreoffice-soffice" name="/home/vignesh/.thunderbird/hgz7rnyw.default-release/key4.db" pid=5123 comm="soffice.bin" requested_mask="wrc" denied_mask="wrc" fsuid=1000 ouid=1000
[  238.995773] audit: type=1400 audit(1762372483.826:189): apparmor="ALLOWED" operation="file_lock" class="file" profile="libreoffice-soffice" name="/home/vignesh/.thunderbird/hgz7rnyw.default-release/key4.db" pid=5123 comm="soffice.bin" requested_mask="k" denied_mask="k" fsuid=1000 ouid=1000
[  424.423327] nouveau 0000:01:00.0: Enabling HDA controller
[  424.957933] warning: `ThreadPoolForeg' uses wireless extensions which will stop working for Wi-Fi 7 hardware; use nl80211
[  431.200249] workqueue: pm_runtime_work hogged CPU for >10000us 4 times, consider switching to WQ_UNBOUND
----------------------

Detaching and cleaning up...
Done. Exiting.
-> process_mapper skeleton opened (maps accessible) but not loaded yet.
-> process_remover skeleton opened (maps accessible) but not loaded yet.
-> filewrite_enforcer skeleton opened (maps accessible) but not loaded yet.
-> opened pinned map /sys/fs/bpf/inodepolicy_map (fd=3)
-> opened pinned map /sys/fs/bpf/proc_policy_map (fd=4)
-> opened pinned map /sys/fs/bpf/allow_wdir_map (fd=5)
-> reused inodepolicy_map for process_mapper
-> reused proc_policy_map for process_mapper
-> reused proc_policy_map for process_remover
-> reused proc_policy_map for filewrite_enforcer
-> reused allow_wdir_map for filewrite_enforcer
-> process_mapper skeleton loaded (programs loaded, pinned maps reused).
-> process_remover skeleton loaded (programs loaded, pinned maps reused).
